// Jest Snapshot v1, https://goo.gl/fbAQLP

exports[`should render PokeList component 1`] = `
<ul
  aria-label="pokemonList"
>
  <li>
    <figure>
      <img
        alt="venusaur-mega"
        src="http://assets.pokemon.com/assets/cms2/img/pokedex/full/003_f2.png"
      />
      <div>
        <h3>
          venusaur-mega
        </h3>
        <p>
          Type: 
          poison
        </p>
        <p>
          Attack: 
          100
        </p>
        <p>
          Defense: 
          123
        </p>
        <p>
          Group: 
          monster
        </p>
      </div>
    </figure>
  </li>
  <li>
    <figure>
      <img
        alt="butterfree"
        src="http://assets.pokemon.com/assets/cms2/img/pokedex/full/012.png"
      />
      <div>
        <h3>
          butterfree
        </h3>
        <p>
          Type: 
          flying
        </p>
        <p>
          Attack: 
          45
        </p>
        <p>
          Defense: 
          50
        </p>
        <p>
          Group: 
          bug
        </p>
      </div>
    </figure>
  </li>
  <li>
    <figure>
      <img
        alt="pidgeotto"
        src="http://assets.pokemon.com/assets/cms2/img/pokedex/full/017.png"
      />
      <div>
        <h3>
          pidgeotto
        </h3>
        <p>
          Type: 
          flying
        </p>
        <p>
          Attack: 
          60
        </p>
        <p>
          Defense: 
          55
        </p>
        <p>
          Group: 
          flying
        </p>
      </div>
    </figure>
  </li>
</ul>
`;
